// Jest Snapshot v1, https://goo.gl/fbAQLP

exports[`panel with setTimerAction & clear it 1`] = `null`;
