// Jest Snapshot v1, https://goo.gl/fbAQLP

exports[`panel with setTimerAction & clear it 1`] = `
Array [
  <div>
    Test 1.3 SimpleActionTimer React
  </div>,
  <div>
    Action incTimerStart 
    <button
      onClick={[Function]}
    >
      startConsoleLog
    </button>
    <button
      onClick={[Function]}
    >
      stopIncrement
    </button>
     $
    -&gt;
     : 
    0
  </div>,
]
`;
